// Jest Snapshot v1, https://goo.gl/fbAQLP

exports[`should render Box component 1`] = `
<div>
  <div
    class="MuiBox-root css-0"
  />
</div>
`;
